// Jest Snapshot v1, https://goo.gl/fbAQLP

exports[`<Home /> renders 1`] = `
<div>
  <div
    class="css-8db22m-HomePage"
  >
    <h1
      class="css-1ecuewh-HomePage"
    >
      Welcome to Hangman!
    </h1>
    <p
      class="css-11dnfsa-HomePage"
    >
      A simple game built with React
    </p>
    <button
      class="css-9ui8di-Button"
    >
      Start Game
    </button>
  </div>
</div>
`;
