// Jest Snapshot v1, https://goo.gl/fbAQLP

exports[`<ThemeSwitch /> renders unchecked with light theme 1`] = `
.emotion-0 {
  display: block;
  margin: 0 auto 16px;
}

.emotion-1 {
  clip: rect(0 0 0 0);
  -webkit-clip-path: inset(50%);
  clip-path: inset(50%);
  height: 1px;
  overflow: hidden;
  position: absolute;
  white-space: nowrap;
  width: 1px;
}

.emotion-2 {
  cursor: pointer;
  background: #949DA5;
  border-radius: 50px;
  height: 22px;
  padding: 3px 2px;
  position: relative;
  -webkit-transition: 0.5s;
  transition: 0.5s;
  width: 44px;
}

.emotion-2::before {
  content: "";
  border-radius: 30px;
  background: #F5F5F5;
  display: block;
  height: 16px;
  position: absolute;
  -webkit-transform: translate(1px);
  -moz-transform: translate(1px);
  -ms-transform: translate(1px);
  transform: translate(1px);
  -webkit-transition: -webkit-transform 0.2s,background 0.2s;
  transition: transform 0.2s,background 0.2s;
  width: 16px;
  z-index: 2;
}

.emotion-3 {
  -webkit-align-items: center;
  -webkit-box-align: center;
  -ms-flex-align: center;
  align-items: center;
  display: -webkit-box;
  display: -webkit-flex;
  display: -ms-flexbox;
  display: flex;
  height: 100%;
  margin: 0 2px;
  -webkit-box-pack: justify;
  -webkit-justify-content: space-between;
  justify-content: space-between;
}

.emotion-4 {
  fill: #30353B;
  height: 16px;
  width: 16px;
  z-index: 0;
}

.emotion-5 {
  fill: #F5F5F5;
  height: 16px;
  width: 16px;
  z-index: 0;
}

.emotion-6 {
  opacity: 0;
  position: absolute;
  top: 0;
}

<div>
  <label
    class="emotion-0"
    data-testid="toggleTheme"
    for="themeToggle"
  >
    <span
      class="emotion-1"
    >
      Enable Dark Mode
    </span>
    <div
      class="emotion-2"
    >
      <div
        class="emotion-3"
      >
        <svg
          class="emotion-4"
        >
          sun.svg
        </svg>
        <svg
          class="emotion-5"
        >
          moon.svg
        </svg>
      </div>
      <input
        class="emotion-6"
        data-testid="toggleThemeCheckbox"
        id="themeToggle"
        name="themeToggle"
        type="checkbox"
      />
    </div>
  </label>
</div>
`;
