// Jest Snapshot v1, https://goo.gl/fbAQLP

exports[`<Button /> renders plain 1`] = `
.emotion-0 {
  background-color: #F5F5F5;
  border: 2px solid #30353B;
  border-radius: 3px;
  color: #30353B;
  font-size: 18px;
  outline: none;
  padding: 12px 18px;
  margin: 0 4px;
  -webkit-transition: all 0.15s ease-in;
  transition: all 0.15s ease-in;
}

.emotion-0:hover {
  color: #F5F5F5;
  cursor: pointer;
  background-color: #30353B;
  border-color: #30353B;
}

<div>
  <button
    class="emotion-0"
  >
    Click me
  </button>
</div>
`;
