// Jest Snapshot v1, https://goo.gl/fbAQLP

exports[`<Footer /> renders 1`] = `
.emotion-0 {
  -webkit-flex-shrink: 0;
  -ms-flex-negative: 0;
  flex-shrink: 0;
  font-size: 14px;
  text-align: center;
}

<div>
  <footer
    class="emotion-0"
    role="contentinfo"
  >
    <hr />
    <p>
      Read more about
       
      <a
        href="https://github.com/mrgeorgegray/hangman"
      >
        this project
      </a>
      .
    </p>
  </footer>
</div>
`;
