// Jest Snapshot v1, https://goo.gl/fbAQLP

exports[`<Banner /> renders a banner 1`] = `
.emotion-0 {
  border: 2px solid #30353B;
  border-radius: 3px;
  padding: 16px;
  margin-top: 16px;
  max-width: 1000px;
  text-align: center;
  background-color: #FFBABA;
}

@media (min-width: 720px) {
  .emotion-0 {
    left: 0;
    margin-left: auto;
    margin-right: auto;
    margin-top: 0;
    position: absolute;
    right: 0;
    top: 8px;
    width: 90%;
  }
}

.emotion-1 {
  display: block;
  margin-bottom: 16px;
}

@media (min-width: 720px) {
  .emotion-1 {
    display: inline;
    margin-right: 16px;
    margin-bottom: 0;
  }
}

<div>
  <div
    class="emotion-0"
    role="alert"
  >
    <span
      class="emotion-1"
    >
      <strong>
        uh oh
      </strong>
    </span>
    <span>
      Actions
    </span>
  </div>
</div>
`;
