// Jest Snapshot v1, https://goo.gl/fbAQLP

exports[`<Solution /> renders inPlay 1`] = `
.emotion-0 {
  color: #30353B;
  font-size: 34px;
  letter-spacing: 4px;
  line-height: 1.2;
  margin-bottom: 32;
}

@media (min-width: 500px) {
  .emotion-0 {
    font-size: 50px;
  }
}

<div>
  <div
    class="emotion-0"
  >
    s_lution
  </div>
</div>
`;
