// Jest Snapshot v1, https://goo.gl/fbAQLP

exports[`<App /> renders home page when 'notStarted'  1`] = `
<div>
  <div
    class="css-ssn60v-App"
  >
    <main
      class="css-zjc6ny-App"
    >
      <div
        class="css-8db22m-HomePage"
      >
        <h1
          class="css-1ecuewh-HomePage"
        >
          Welcome to Hangman!
        </h1>
        <p
          class="css-11dnfsa-HomePage"
        >
          A simple game built with React
        </p>
        <button
          class="css-9ui8di-Button"
        >
          Start Game
        </button>
      </div>
    </main>
    <footer
      class="css-288auf-Footer"
    >
      <hr />
      <p>
        Read more about
         
        <a
          href="https://github.com/mrgeorgegray/hangman"
        >
          this project
        </a>
        .
      </p>
    </footer>
    <label
      class="css-ianvmh-ThemeSwitch"
      for="toggle"
    >
      <div
        class="css-11cjlcs-ThemeSwitch"
      >
        <span
          class="css-19pqaj4-ThemeSwitch"
        >
          Enable Dark Mode
        </span>
        <div
          class="css-1wv9vcd-ThemeSwitch"
        >
          <svg
            class="css-38vt6j-ThemeSwitch"
          >
            sun.svg
          </svg>
          <svg
            class="css-38vt6j-ThemeSwitch"
          >
            moon.svg
          </svg>
        </div>
        <input
          class="css-16w7pi8-ThemeSwitch"
          id="toggle"
          name="toggle"
          type="checkbox"
        />
      </div>
    </label>
  </div>
</div>
`;
