// Jest Snapshot v1, https://goo.gl/fbAQLP

exports[`<App /> renders home page when 'notStarted'  1`] = `
<div>
  <div
    class="css-vk9bdx-App"
  >
    <main
      class="css-zjc6ny-App"
    >
      <div
        class="css-1t7c1v1-HomePage"
      >
        <h1
          class="css-tnsnpe-HomePage"
        >
          Welcome to Hangman!
        </h1>
        <p
          class="css-11dnfsa-HomePage"
        >
          A simple game built with React
        </p>
        <button
          class="css-1nzsci0-HomePage"
        >
          Start Game
        </button>
      </div>
    </main>
    <footer
      class="css-krukqz-Footer"
    >
      <hr />
      <p>
        Read more about
         
        <a
          href="https://github.com/mrgeorgegray/hangman"
        >
          this project
        </a>
        .
      </p>
    </footer>
  </div>
</div>
`;
